[19:11:01] funder 0x9011E888251AB053B7bD1cdB598Db4f9DEd94714 | OPEN-LOOP pipeline 64 | chainId 96368
[19:11:01] funding 60 keys x 5 LUX nonce=61 gp=200gwei
[19:11:45] funded 60/60 in 44s
[19:11:45] === OPEN-LOOP SATURATE: 60 accts x pipeline 64, measuring 90s (gp=200gwei) ===
[19:11:45] === OPEN-LOOP MEASURE START t0=1783710705.9 b0=114 window=90s pipeline=64 ===
[19:11:49] PROGRESS t=4s tip=114 blocks=0 mined_tx=0 offered=443 off_tps=118.9 mined_tps=0.0 peak_tx/blk=0 fullness=0.00% peak_full=0.00%
[19:11:52] PROGRESS t=7s tip=114 blocks=0 mined_tx=0 offered=866 off_tps=128.0 mined_tps=0.0 peak_tx/blk=0 fullness=0.00% peak_full=0.00%
[19:11:55] PROGRESS t=10s tip=115 blocks=1 mined_tx=9 offered=1297 off_tps=131.3 mined_tps=0.9 peak_tx/blk=9 fullness=1.57% peak_full=1.57%
[19:11:58] PROGRESS t=13s tip=115 blocks=1 mined_tx=9 offered=1688 off_tps=130.7 mined_tps=0.7 peak_tx/blk=9 fullness=1.57% peak_full=1.57%
[19:12:02] PROGRESS t=16s tip=116 blocks=2 mined_tx=18 offered=2119 off_tps=130.8 mined_tps=1.1 peak_tx/blk=9 fullness=1.57% peak_full=1.57%
[19:12:05] PROGRESS t=19s tip=117 blocks=3 mined_tx=23 offered=2499 off_tps=129.4 mined_tps=1.2 peak_tx/blk=9 fullness=1.34% peak_full=1.57%
[19:12:08] PROGRESS t=22s tip=118 blocks=4 mined_tx=25 offered=2892 off_tps=129.1 mined_tps=1.1 peak_tx/blk=9 fullness=1.09% peak_full=1.57%
[19:12:11] PROGRESS t=26s tip=118 blocks=4 mined_tx=25 offered=3285 off_tps=128.8 mined_tps=1.0 peak_tx/blk=9 fullness=1.09% peak_full=1.57%
[19:12:14] PROGRESS t=29s tip=119 blocks=5 mined_tx=26 offered=3669 off_tps=128.5 mined_tps=0.9 peak_tx/blk=9 fullness=0.91% peak_full=1.57%
[19:12:17] PROGRESS t=32s tip=120 blocks=6 mined_tx=55 offered=3834 off_tps=120.9 mined_tps=1.7 peak_tx/blk=29 fullness=1.60% peak_full=5.08%
[19:12:20] PROGRESS t=35s tip=121 blocks=7 mined_tx=66 offered=3834 off_tps=110.0 mined_tps=1.9 peak_tx/blk=29 fullness=1.65% peak_full=5.08%
[19:12:24] PROGRESS t=38s tip=122 blocks=8 mined_tx=67 offered=3834 off_tps=100.4 mined_tps=1.8 peak_tx/blk=29 fullness=1.47% peak_full=5.08%
[19:12:27] PROGRESS t=42s tip=123 blocks=9 mined_tx=76 offered=3834 off_tps=91.9 mined_tps=1.8 peak_tx/blk=29 fullness=1.48% peak_full=5.08%
[19:12:31] PROGRESS t=45s tip=123 blocks=9 mined_tx=76 offered=3834 off_tps=84.9 mined_tps=1.7 peak_tx/blk=29 fullness=1.48% peak_full=5.08%
[19:12:34] PROGRESS t=49s tip=124 blocks=10 mined_tx=102 offered=3834 off_tps=79.0 mined_tps=2.1 peak_tx/blk=29 fullness=1.78% peak_full=5.08%
[19:12:38] PROGRESS t=52s tip=125 blocks=11 mined_tx=122 offered=3836 off_tps=73.2 mined_tps=2.3 peak_tx/blk=29 fullness=1.94% peak_full=5.08%
[19:12:41] PROGRESS t=56s tip=126 blocks=12 mined_tx=158 offered=3846 off_tps=69.1 mined_tps=2.8 peak_tx/blk=36 fullness=2.30% peak_full=6.30%
[19:12:44] PROGRESS t=59s tip=127 blocks=13 mined_tx=173 offered=3868 off_tps=65.6 mined_tps=2.9 peak_tx/blk=36 fullness=2.33% peak_full=6.30%
[19:12:48] PROGRESS t=62s tip=129 blocks=15 mined_tx=259 offered=3901 off_tps=62.6 mined_tps=4.2 peak_tx/blk=52 fullness=3.02% peak_full=9.10%
[19:12:51] PROGRESS t=66s tip=132 blocks=18 mined_tx=363 offered=4016 off_tps=61.2 mined_tps=5.5 peak_tx/blk=52 fullness=3.53% peak_full=9.10%
[19:12:54] PROGRESS t=69s tip=132 blocks=18 mined_tx=363 offered=4036 off_tps=58.8 mined_tps=5.3 peak_tx/blk=52 fullness=3.53% peak_full=9.10%
[19:12:57] PROGRESS t=72s tip=133 blocks=19 mined_tx=405 offered=4051 off_tps=56.4 mined_tps=5.6 peak_tx/blk=52 fullness=3.73% peak_full=9.10%
[19:13:00] PROGRESS t=75s tip=133 blocks=19 mined_tx=405 offered=4069 off_tps=54.3 mined_tps=5.4 peak_tx/blk=52 fullness=3.73% peak_full=9.10%
[19:13:03] PROGRESS t=78s tip=134 blocks=20 mined_tx=411 offered=4070 off_tps=52.2 mined_tps=5.3 peak_tx/blk=52 fullness=3.60% peak_full=9.10%
[19:13:06] PROGRESS t=81s tip=134 blocks=20 mined_tx=411 offered=4074 off_tps=50.3 mined_tps=5.1 peak_tx/blk=52 fullness=3.60% peak_full=9.10%
[19:13:09] PROGRESS t=84s tip=134 blocks=20 mined_tx=411 offered=4074 off_tps=48.5 mined_tps=4.9 peak_tx/blk=52 fullness=3.60% peak_full=9.10%
[19:13:13] PROGRESS t=87s tip=135 blocks=21 mined_tx=517 offered=4112 off_tps=47.2 mined_tps=5.9 peak_tx/blk=106 fullness=4.31% peak_full=18.55%
[19:13:16] PROGRESS t=90s tip=135 blocks=21 mined_tx=517 offered=4151 off_tps=45.9 mined_tps=5.7 peak_tx/blk=106 fullness=4.31% peak_full=18.55%
[19:13:16] MEASURE {"mode": "open-loop", "window_s": 90.36, "b0": 114, "b1": 135, "blocks": 21, "blocks_per_s": 0.2324, "pipeline": 64, "offered_tx": 4151, "offered_tps": 45.94, "mined_tx": 517, "mined_tps": 5.72, "avg_tx_per_block": 24.62, "peak_tx_per_block": 106, "gas_used_sum": 10857000, "gas_per_s": 120151.0, "gas_limit": 12000000, "avg_gas_per_block": 517000.0, "avg_fullness_pct": 4.308, "peak_fullness_pct": 18.55, "base_fee_gwei_last": 25.0, "block_interval_ms_mean": 4151.8, "coherent": true, "conf_height": 133, "node_hashes": {"0": "0x9fb2b5427f", "1": "0x9fb2b5427f", "2": "0x9fb2b5427f", "3": "0x9fb2b5427f", "4": "0x9fb2b5427f"}, "senders": 60, "nodes": 5}
[19:13:16] === loadgen done ===
